<html>
<body>
<pre>
<h1>µVision Build Log</h1>
<h2>Tool Versions:</h2>
IDE-Version: µVision V5.26.2.0
Copyright (C) 2018 ARM Ltd and ARM Germany GmbH. All rights reserved.
License Information: mecatronica mecatronica, UFPE, LIC=----
 
Tool Versions:
Toolchain:       MDK-Lite  Version: 5.26.2.0
Toolchain Path:  C:\Keil_v5\ARM\ARMCC\Bin
C Compiler:      Armcc.exe V5.06 update 6 (build 750)
Assembler:       Armasm.exe V5.06 update 6 (build 750)
Linker/Locator:  ArmLink.exe V5.06 update 6 (build 750)
Library Manager: ArmAr.exe V5.06 update 6 (build 750)
Hex Converter:   FromElf.exe V5.06 update 6 (build 750)
CPU DLL:         SARMCM3.DLL V5.26.2.0
Dialog DLL:      DARMCM1.DLL V1.19.1.0
Target DLL:      PEMicro\Pemicro_ArmCortexInterface.dll V1.11
Dialog DLL:      TARMCM1.DLL V1.14.0.0
 
<h2>Project:</h2>
C:\Users\mecatronica\Documents\Lucas de Lima Sistemas Digitais 2\Projeto 3_Datalogger\Datalogger\Datalogger\datalogger.uvprojx
Project File Date:  07/03/2019

<h2>Output:</h2>
*** Using Compiler 'V5.06 update 6 (build 750)', folder: 'C:\Keil_v5\ARM\ARMCC\Bin'
Build target 'Target 1'
compiling main.c...
accelerometer.h(32): warning:  #1295-D: Deprecated declaration readAcc - give arg types
  void readAcc();
accelerometer.h(34): warning:  #1295-D: Deprecated declaration accInit - give arg types
  void accInit();
accelerometer.h(36): warning:  #1-D: last line of file ends without a newline
  #endif /* SOURCES_ACC_H_ */
UART.h(40): warning:  #1295-D: Deprecated declaration initUart - give arg types
  void initUart();
UART.h(49): warning:  #1295-D: Deprecated declaration returnACK - give arg types
  void returnACK();	
UART.h(52): warning:  #1295-D: Deprecated declaration returnNAK - give arg types
  void returnNAK();	
UART.h(55): warning:  #1295-D: Deprecated declaration returnDumpFirst - give arg types
  void returnDumpFirst();
UART.h(58): warning:  #1295-D: Deprecated declaration returnDumpLast - give arg types
  void returnDumpLast();
UART.h(61): warning:  #1295-D: Deprecated declaration returnStatus - give arg types
  void returnStatus();
UART.h(64): warning:  #1-D: last line of file ends without a newline
  void setValue();
UART.h(64): warning:  #1295-D: Deprecated declaration setValue - give arg types
  void setValue();
main.c(98): warning:  #177-D: variable "charAux"  was declared but never referenced
  char charAux[] = {0,'\0'};
main.c: 12 warnings, 0 errors
linking...
Program Size: Code=5352 RO-data=260 RW-data=88 ZI-data=1752  
".\Objects\datalogger.axf" - 0 Error(s), 12 Warning(s).

<h2>Software Packages used:</h2>

Package Vendor: ARM
                http://www.keil.com/pack/ARM.CMSIS.5.4.0.pack
                ARM.CMSIS.5.4.0
                CMSIS (Cortex Microcontroller Software Interface Standard)
   * Component: CORE Version: 5.1.2

Package Vendor: Keil
                http://www.keil.com/pack/Keil.Kinetis_KLxx_DFP.1.15.0.pack
                Keil.Kinetis_KLxx_DFP.1.15.0
                NXP Kinetis KLxx Series Device Support and Examples
   * Component: LED Version: 1.0.0
   * Component: Startup Version: 2.5.0

Package Vendor: Keil
                http://www.keil.com/pack/Keil.MDK-Middleware.7.7.0.pack
                Keil.MDK-Middleware.7.7.0
                Middleware for Keil MDK-Professional and MDK-Plus
   * Component: LED Version: 1.0.0

<h2>Collection of Component include folders:</h2>
  .\RTE\Device\MKL25Z128xxx4
  .\RTE\_Target_1
  C:\Keil_v5\ARM\PACK\ARM\CMSIS\5.4.0\CMSIS\Core\Include
  C:\Keil_v5\ARM\PACK\Keil\Kinetis_KLxx_DFP\1.15.0\Device\Include
  C:\Keil_v5\ARM\PACK\Keil\MDK-Middleware\7.7.0\Board

<h2>Collection of Component Files used:</h2>

   * Component: ::Board Support:LED:1.0.0 (API)
      Include file:  Board\Board_LED.h

   * Component: ARM::CMSIS:CORE:5.1.2

   * Component: Keil.FRDM-KL25Z::Board Support:LED:1.0.0
      Source file:   Boards\NXP\FRDM-KL25Z\Common\LED_FRDM-KL25Z.c

   * Component: Keil::Device:Startup:2.5.0
      Source file:   Device\Source\ARM\startup_MKL25Z4.s
      Source file:   Device\Source\system_MKL25Z4.c
      Include file:  Device\Source\system_MKL25Z4.h
Build Time Elapsed:  00:00:01
</pre>
</body>
</html>
