Component: ARM Compiler 5.06 update 6 (build 750) Tool: armlink [4d35ed]

==============================================================================

Section Cross References

    accelerometer.o(i.accInit) refers to i2c.o(i.i2c_Init) for i2c_Init
    accelerometer.o(i.accInit) refers to system_mkl25z4.o(i.SystemCoreClockUpdate) for SystemCoreClockUpdate
    accelerometer.o(i.accInit) refers to aeabi_sdiv.o(.text) for __aeabi_uidivmod
    accelerometer.o(i.accInit) refers to pit.o(i.pit_Init) for pit_Init
    accelerometer.o(i.accInit) refers to pit.o(i.pit_Start) for pit_Start
    accelerometer.o(i.accInit) refers to system_mkl25z4.o(.data) for SystemCoreClock
    accelerometer.o(i.accInit) refers to main.o(.data) for pitIntervalMeasure
    accelerometer.o(i.accOnOff) refers to i2c.o(i.i2c_ReadRegister) for i2c_ReadRegister
    accelerometer.o(i.accOnOff) refers to i2c.o(i.i2c_WriteRegister) for i2c_WriteRegister
    accelerometer.o(i.accOnOff) refers to main.o(.data) for acc_ctrl
    accelerometer.o(i.readAcc) refers to i2c.o(i.i2c_Start) for i2c_Start
    accelerometer.o(i.readAcc) refers to accelerometer.o(i.accOnOff) for accOnOff
    accelerometer.o(i.readAcc) refers to i2c.o(i.i2c_ReadRegister) for i2c_ReadRegister
    accelerometer.o(i.readAcc) refers to i2c.o(i.i2c_ReadMultRegister) for i2c_ReadMultRegister
    accelerometer.o(i.readAcc) refers to i2c.o(i.i2c_Stop) for i2c_Stop
    accelerometer.o(i.readAcc) refers to main.o(.data) for acc_status
    i2c.o(i.i2c_ReadMultRegister) refers to i2c.o(i.i2c_Start) for i2c_Start
    i2c.o(i.i2c_ReadMultRegister) refers to i2c.o(i.i2c_WriteByte) for i2c_WriteByte
    i2c.o(i.i2c_ReadMultRegister) refers to i2c.o(i.i2c_Wait) for i2c_Wait
    i2c.o(i.i2c_ReadMultRegister) refers to i2c.o(i.i2c_RepeatedStart) for i2c_RepeatedStart
    i2c.o(i.i2c_ReadMultRegister) refers to i2c.o(i.i2c_EnterRxMode) for i2c_EnterRxMode
    i2c.o(i.i2c_ReadMultRegister) refers to i2c.o(i.i2c_EnableAck) for i2c_EnableAck
    i2c.o(i.i2c_ReadMultRegister) refers to i2c.o(i.i2c_ReadByte) for i2c_ReadByte
    i2c.o(i.i2c_ReadMultRegister) refers to i2c.o(i.i2c_DisableAck) for i2c_DisableAck
    i2c.o(i.i2c_ReadMultRegister) refers to i2c.o(i.i2c_Stop) for i2c_Stop
    i2c.o(i.i2c_ReadMultRegister) refers to i2c.o(i.delay) for delay
    i2c.o(i.i2c_ReadRegister) refers to i2c.o(i.i2c_Start) for i2c_Start
    i2c.o(i.i2c_ReadRegister) refers to i2c.o(i.i2c_WriteByte) for i2c_WriteByte
    i2c.o(i.i2c_ReadRegister) refers to i2c.o(i.i2c_Wait) for i2c_Wait
    i2c.o(i.i2c_ReadRegister) refers to i2c.o(i.i2c_RepeatedStart) for i2c_RepeatedStart
    i2c.o(i.i2c_ReadRegister) refers to i2c.o(i.i2c_EnterRxMode) for i2c_EnterRxMode
    i2c.o(i.i2c_ReadRegister) refers to i2c.o(i.i2c_DisableAck) for i2c_DisableAck
    i2c.o(i.i2c_ReadRegister) refers to i2c.o(i.i2c_ReadByte) for i2c_ReadByte
    i2c.o(i.i2c_ReadRegister) refers to i2c.o(i.i2c_Stop) for i2c_Stop
    i2c.o(i.i2c_ReadRegister) refers to i2c.o(i.delay) for delay
    i2c.o(i.i2c_WriteMultRegister) refers to i2c.o(i.i2c_Start) for i2c_Start
    i2c.o(i.i2c_WriteMultRegister) refers to i2c.o(i.i2c_WriteByte) for i2c_WriteByte
    i2c.o(i.i2c_WriteMultRegister) refers to i2c.o(i.i2c_Wait) for i2c_Wait
    i2c.o(i.i2c_WriteMultRegister) refers to i2c.o(i.i2c_Stop) for i2c_Stop
    i2c.o(i.i2c_WriteMultRegister) refers to i2c.o(i.delay) for delay
    i2c.o(i.i2c_WriteRegister) refers to i2c.o(i.i2c_Start) for i2c_Start
    i2c.o(i.i2c_WriteRegister) refers to i2c.o(i.i2c_WriteByte) for i2c_WriteByte
    i2c.o(i.i2c_WriteRegister) refers to i2c.o(i.i2c_Wait) for i2c_Wait
    i2c.o(i.i2c_WriteRegister) refers to i2c.o(i.i2c_Stop) for i2c_Stop
    i2c.o(i.i2c_WriteRegister) refers to i2c.o(i.delay) for delay
    main.o(i.PIT_IRQHandler) refers to main.o(.data) for flagRead
    main.o(i.UART0_IRQHandler) refers to main.o(.data) for c
    main.o(i.UART0_IRQHandler) refers to main.o(.bss) for msg
    main.o(i.main) refers to accelerometer.o(i.accInit) for accInit
    main.o(i.main) refers to uart.o(i.initUart) for initUart
    main.o(i.main) refers to led_frdm-kl25z.o(i.LED_Initialize) for LED_Initialize
    main.o(i.main) refers to main.o(i.powermodeSleep) for powermodeSleep
    main.o(i.main) refers to accelerometer.o(i.readAcc) for readAcc
    main.o(i.main) refers to flash.o(i.flash_writeLongWord) for flash_writeLongWord
    main.o(i.main) refers to led_frdm-kl25z.o(i.LED_On) for LED_On
    main.o(i.main) refers to led_frdm-kl25z.o(i.LED_Off) for LED_Off
    main.o(i.main) refers to uart.o(i.readCommand) for readCommand
    main.o(i.main) refers to main.o(.data) for flagRead
    main.o(i.main) refers to main.o(.bss) for command
    uart.o(i.initUart) refers to aeabi_sdiv.o(.text) for __aeabi_idivmod
    uart.o(i.initUart) refers to main.o(.data) for clockUART
    uart.o(i.readCommand) refers to uart.o(i.__ARM_common_switch8) for __ARM_common_switch8
    uart.o(i.readCommand) refers to uart.o(i.returnACK) for returnACK
    uart.o(i.readCommand) refers to uart.o(i.returnStatus) for returnStatus
    uart.o(i.readCommand) refers to flash.o(i.flash_EraseSector) for flash_EraseSector
    uart.o(i.readCommand) refers to uart.o(i.returnNAK) for returnNAK
    uart.o(i.readCommand) refers to uart.o(i.uartSendString) for uartSendString
    uart.o(i.readCommand) refers to uart.o(i.returnDumpFirst) for returnDumpFirst
    uart.o(i.readCommand) refers to uart.o(i.returnDumpLast) for returnDumpLast
    uart.o(i.readCommand) refers to uart.o(i.setValue) for setValue
    uart.o(i.readCommand) refers to main.o(.data) for afterDump
    uart.o(i.returnACK) refers to strlen.o(.text) for strlen
    uart.o(i.returnACK) refers to main.o(.data) for msgPointer
    uart.o(i.returnACK) refers to main.o(.bss) for msg
    uart.o(i.returnDumpFirst) refers to strlen.o(.text) for strlen
    uart.o(i.returnDumpFirst) refers to main.o(.data) for bufferPointer
    uart.o(i.returnDumpFirst) refers to main.o(.bss) for msg
    uart.o(i.returnDumpLast) refers to strlen.o(.text) for strlen
    uart.o(i.returnDumpLast) refers to main.o(.data) for msgPointer
    uart.o(i.returnDumpLast) refers to main.o(.bss) for msg
    uart.o(i.returnNAK) refers to strlen.o(.text) for strlen
    uart.o(i.returnNAK) refers to main.o(.data) for msgPointer
    uart.o(i.returnNAK) refers to main.o(.bss) for msg
    uart.o(i.returnStatus) refers to main.o(.data) for systemStatus
    uart.o(i.returnStatus) refers to main.o(.bss) for msg
    uart.o(i.setValue) refers to uart.o(i.returnACK) for returnACK
    uart.o(i.setValue) refers to main.o(.data) for pitIntervalMeasure
    uart.o(i.uartSendString) refers to aeabi_sdiv.o(.text) for __aeabi_idivmod
    uart.o(i.uartSendString) refers to strcat.o(.text) for strcat
    uart.o(i.uartSendString) refers to strlen.o(.text) for strlen
    uart.o(i.uartSendString) refers to main.o(.bss) for msg
    uart.o(i.uartSendString) refers to main.o(.data) for msgLength
    led_frdm-kl25z.o(i.LED_Initialize) refers to led_frdm-kl25z.o(.constdata) for led_port
    led_frdm-kl25z.o(i.LED_Off) refers to led_frdm-kl25z.o(.constdata) for led_pin
    led_frdm-kl25z.o(i.LED_On) refers to led_frdm-kl25z.o(.constdata) for led_pin
    led_frdm-kl25z.o(i.LED_SetOut) refers to led_frdm-kl25z.o(i.LED_On) for LED_On
    led_frdm-kl25z.o(i.LED_SetOut) refers to led_frdm-kl25z.o(i.LED_Off) for LED_Off
    startup_mkl25z4.o(STACK) refers (Special) to heapauxi.o(.text) for __use_two_region_memory
    startup_mkl25z4.o(HEAP) refers (Special) to heapauxi.o(.text) for __use_two_region_memory
    startup_mkl25z4.o(RESET) refers (Special) to heapauxi.o(.text) for __use_two_region_memory
    startup_mkl25z4.o(RESET) refers to startup_mkl25z4.o(STACK) for __initial_sp
    startup_mkl25z4.o(RESET) refers to startup_mkl25z4.o(.text) for Reset_Handler
    startup_mkl25z4.o(RESET) refers to main.o(i.UART0_IRQHandler) for UART0_IRQHandler
    startup_mkl25z4.o(RESET) refers to main.o(i.PIT_IRQHandler) for PIT_IRQHandler
    startup_mkl25z4.o(.ARM.__at_0x400) refers (Special) to heapauxi.o(.text) for __use_two_region_memory
    startup_mkl25z4.o(.text) refers (Special) to heapauxi.o(.text) for __use_two_region_memory
    startup_mkl25z4.o(.text) refers to system_mkl25z4.o(i.SystemInit) for SystemInit
    startup_mkl25z4.o(.text) refers to __main.o(!!!main) for __main
    startup_mkl25z4.o(.text) refers to startup_mkl25z4.o(HEAP) for Heap_Mem
    startup_mkl25z4.o(.text) refers to startup_mkl25z4.o(STACK) for Stack_Mem
    system_mkl25z4.o(i.SystemCoreClockUpdate) refers to aeabi_sdiv.o(.text) for __aeabi_uidivmod
    system_mkl25z4.o(i.SystemCoreClockUpdate) refers to uart.o(i.__ARM_common_switch8) for __ARM_common_switch8
    system_mkl25z4.o(i.SystemCoreClockUpdate) refers to system_mkl25z4.o(.data) for SystemCoreClock
    __main.o(!!!main) refers to __rtentry.o(.ARM.Collect$$rtentry$$00000000) for __rt_entry
    __rtentry.o(.ARM.Collect$$rtentry$$00000000) refers (Special) to __rtentry2.o(.ARM.Collect$$rtentry$$0000000A) for __rt_entry_li
    __rtentry.o(.ARM.Collect$$rtentry$$00000000) refers (Special) to __rtentry2.o(.ARM.Collect$$rtentry$$0000000D) for __rt_entry_main
    __rtentry.o(.ARM.Collect$$rtentry$$00000000) refers (Special) to __rtentry2.o(.ARM.Collect$$rtentry$$0000000C) for __rt_entry_postli_1
    __rtentry.o(.ARM.Collect$$rtentry$$00000000) refers (Special) to __rtentry2.o(.ARM.Collect$$rtentry$$00000009) for __rt_entry_postsh_1
    __rtentry.o(.ARM.Collect$$rtentry$$00000000) refers (Special) to __rtentry2.o(.ARM.Collect$$rtentry$$00000002) for __rt_entry_presh_1
    __rtentry.o(.ARM.Collect$$rtentry$$00000000) refers (Special) to __rtentry4.o(.ARM.Collect$$rtentry$$00000004) for __rt_entry_sh
    aeabi_idiv0_sigfpe.o(.text) refers to rt_div0.o(.text) for __rt_div0
    __rtentry2.o(.ARM.Collect$$rtentry$$00000008) refers to boardinit2.o(.text) for _platform_post_stackheap_init
    __rtentry2.o(.ARM.Collect$$rtentry$$0000000A) refers to libinit.o(.ARM.Collect$$libinit$$00000000) for __rt_lib_init
    __rtentry2.o(.ARM.Collect$$rtentry$$0000000B) refers to boardinit3.o(.text) for _platform_post_lib_init
    __rtentry2.o(.ARM.Collect$$rtentry$$0000000D) refers to main.o(i.main) for main
    __rtentry2.o(.ARM.Collect$$rtentry$$0000000D) refers to exit.o(.text) for exit
    __rtentry2.o(.ARM.exidx) refers to __rtentry2.o(.ARM.Collect$$rtentry$$00000001) for .ARM.Collect$$rtentry$$00000001
    __rtentry2.o(.ARM.exidx) refers to __rtentry2.o(.ARM.Collect$$rtentry$$00000008) for .ARM.Collect$$rtentry$$00000008
    __rtentry2.o(.ARM.exidx) refers to __rtentry2.o(.ARM.Collect$$rtentry$$0000000A) for .ARM.Collect$$rtentry$$0000000A
    __rtentry2.o(.ARM.exidx) refers to __rtentry2.o(.ARM.Collect$$rtentry$$0000000B) for .ARM.Collect$$rtentry$$0000000B
    __rtentry2.o(.ARM.exidx) refers to __rtentry2.o(.ARM.Collect$$rtentry$$0000000D) for .ARM.Collect$$rtentry$$0000000D
    __rtentry4.o(.ARM.Collect$$rtentry$$00000004) refers to sys_stackheap_outer.o(.text) for __user_setup_stackheap
    __rtentry4.o(.ARM.exidx) refers to __rtentry4.o(.ARM.Collect$$rtentry$$00000004) for .ARM.Collect$$rtentry$$00000004
    rt_div0.o(.text) refers to defsig_fpe_outer.o(.text) for __rt_SIGFPE
    sys_stackheap_outer.o(.text) refers to libspace.o(.text) for __user_perproc_libspace
    sys_stackheap_outer.o(.text) refers to startup_mkl25z4.o(.text) for __user_initial_stackheap
    sys_stackheap_outer.o(__vectab_stack_and_reset_area) refers to tempstk.o(.text) for __temporary_stack_top
    sys_stackheap_outer.o(__vectab_stack_and_reset_area) refers to __main.o(!!!main) for __main
    exit.o(.text) refers to rtexit.o(.ARM.Collect$$rtexit$$00000000) for __rt_exit
    defsig_fpe_outer.o(.text) refers to defsig_fpe_inner.o(.text) for __rt_SIGFPE_inner
    defsig_fpe_outer.o(.text) refers to defsig_exit.o(.text) for __sig_exit
    defsig_fpe_formal.o(.text) refers to rt_raise.o(.text) for __rt_raise
    libinit.o(.ARM.Collect$$libinit$$00000000) refers (Special) to libinit2.o(.ARM.Collect$$libinit$$0000002E) for __rt_lib_init_alloca_1
    libinit.o(.ARM.Collect$$libinit$$00000000) refers (Special) to libinit2.o(.ARM.Collect$$libinit$$0000002C) for __rt_lib_init_argv_1
    libinit.o(.ARM.Collect$$libinit$$00000000) refers (Special) to libinit2.o(.ARM.Collect$$libinit$$0000001B) for __rt_lib_init_atexit_1
    libinit.o(.ARM.Collect$$libinit$$00000000) refers (Special) to libinit2.o(.ARM.Collect$$libinit$$00000021) for __rt_lib_init_clock_1
    libinit.o(.ARM.Collect$$libinit$$00000000) refers (Special) to libinit2.o(.ARM.Collect$$libinit$$00000032) for __rt_lib_init_cpp_1
    libinit.o(.ARM.Collect$$libinit$$00000000) refers (Special) to libinit2.o(.ARM.Collect$$libinit$$00000030) for __rt_lib_init_exceptions_1
    libinit.o(.ARM.Collect$$libinit$$00000000) refers (Special) to libinit2.o(.ARM.Collect$$libinit$$00000002) for __rt_lib_init_fp_1
    libinit.o(.ARM.Collect$$libinit$$00000000) refers (Special) to libinit2.o(.ARM.Collect$$libinit$$0000001F) for __rt_lib_init_fp_trap_1
    libinit.o(.ARM.Collect$$libinit$$00000000) refers (Special) to libinit2.o(.ARM.Collect$$libinit$$00000023) for __rt_lib_init_getenv_1
    libinit.o(.ARM.Collect$$libinit$$00000000) refers (Special) to libinit2.o(.ARM.Collect$$libinit$$0000000A) for __rt_lib_init_heap_1
    libinit.o(.ARM.Collect$$libinit$$00000000) refers (Special) to libinit2.o(.ARM.Collect$$libinit$$00000011) for __rt_lib_init_lc_collate_1
    libinit.o(.ARM.Collect$$libinit$$00000000) refers (Special) to libinit2.o(.ARM.Collect$$libinit$$00000013) for __rt_lib_init_lc_ctype_1
    libinit.o(.ARM.Collect$$libinit$$00000000) refers (Special) to libinit2.o(.ARM.Collect$$libinit$$00000015) for __rt_lib_init_lc_monetary_1
    libinit.o(.ARM.Collect$$libinit$$00000000) refers (Special) to libinit2.o(.ARM.Collect$$libinit$$00000017) for __rt_lib_init_lc_numeric_1
    libinit.o(.ARM.Collect$$libinit$$00000000) refers (Special) to libinit2.o(.ARM.Collect$$libinit$$00000019) for __rt_lib_init_lc_time_1
    libinit.o(.ARM.Collect$$libinit$$00000000) refers (Special) to libinit2.o(.ARM.Collect$$libinit$$00000004) for __rt_lib_init_preinit_1
    libinit.o(.ARM.Collect$$libinit$$00000000) refers (Special) to libinit2.o(.ARM.Collect$$libinit$$0000000E) for __rt_lib_init_rand_1
    libinit.o(.ARM.Collect$$libinit$$00000000) refers (Special) to libinit2.o(.ARM.Collect$$libinit$$00000033) for __rt_lib_init_return
    libinit.o(.ARM.Collect$$libinit$$00000000) refers (Special) to libinit2.o(.ARM.Collect$$libinit$$0000001D) for __rt_lib_init_signal_1
    libinit.o(.ARM.Collect$$libinit$$00000000) refers (Special) to libinit2.o(.ARM.Collect$$libinit$$00000025) for __rt_lib_init_stdio_1
    libinit.o(.ARM.Collect$$libinit$$00000000) refers (Special) to libinit2.o(.ARM.Collect$$libinit$$0000000C) for __rt_lib_init_user_alloc_1
    libspace.o(.text) refers to libspace.o(.bss) for __libspace_start
    rtexit.o(.ARM.Collect$$rtexit$$00000000) refers (Special) to rtexit2.o(.ARM.Collect$$rtexit$$00000004) for __rt_exit_exit
    rtexit.o(.ARM.Collect$$rtexit$$00000000) refers (Special) to rtexit2.o(.ARM.Collect$$rtexit$$00000003) for __rt_exit_ls
    rtexit.o(.ARM.Collect$$rtexit$$00000000) refers (Special) to rtexit2.o(.ARM.Collect$$rtexit$$00000002) for __rt_exit_prels_1
    rtexit.o(.ARM.exidx) refers (Special) to rtexit2.o(.ARM.Collect$$rtexit$$00000004) for __rt_exit_exit
    rtexit.o(.ARM.exidx) refers (Special) to rtexit2.o(.ARM.Collect$$rtexit$$00000003) for __rt_exit_ls
    rtexit.o(.ARM.exidx) refers (Special) to rtexit2.o(.ARM.Collect$$rtexit$$00000002) for __rt_exit_prels_1
    rtexit.o(.ARM.exidx) refers to rtexit.o(.ARM.Collect$$rtexit$$00000000) for .ARM.Collect$$rtexit$$00000000
    rt_raise.o(.text) refers to __raise.o(.text) for __raise
    rt_raise.o(.text) refers to sys_exit.o(.text) for _sys_exit
    defsig_exit.o(.text) refers to sys_exit.o(.text) for _sys_exit
    defsig_fpe_inner.o(.text) refers to defsig_general.o(.text) for __default_signal_display
    libinit2.o(.ARM.Collect$$libinit$$00000010) refers to libinit2.o(.ARM.Collect$$libinit$$0000000F) for .ARM.Collect$$libinit$$0000000F
    libinit2.o(.ARM.Collect$$libinit$$00000012) refers to libinit2.o(.ARM.Collect$$libinit$$0000000F) for .ARM.Collect$$libinit$$0000000F
    libinit2.o(.ARM.Collect$$libinit$$00000014) refers to libinit2.o(.ARM.Collect$$libinit$$0000000F) for .ARM.Collect$$libinit$$0000000F
    libinit2.o(.ARM.Collect$$libinit$$00000016) refers to libinit2.o(.ARM.Collect$$libinit$$0000000F) for .ARM.Collect$$libinit$$0000000F
    libinit2.o(.ARM.Collect$$libinit$$00000018) refers to libinit2.o(.ARM.Collect$$libinit$$0000000F) for .ARM.Collect$$libinit$$0000000F
    libinit2.o(.ARM.Collect$$libinit$$00000026) refers to argv_veneer.o(.text) for __ARM_argv_veneer
    libinit2.o(.ARM.Collect$$libinit$$00000027) refers to argv_veneer.o(.text) for __ARM_argv_veneer
    sys_exit.o(.text) refers (Special) to use_no_semi.o(.text) for __I$use$semihosting
    sys_exit.o(.text) refers (Special) to indicate_semi.o(.text) for __semihosting_library_function
    rtexit2.o(.ARM.Collect$$rtexit$$00000003) refers to libshutdown.o(.ARM.Collect$$libshutdown$$00000000) for __rt_lib_shutdown
    rtexit2.o(.ARM.Collect$$rtexit$$00000004) refers to sys_exit.o(.text) for _sys_exit
    rtexit2.o(.ARM.exidx) refers to rtexit2.o(.ARM.Collect$$rtexit$$00000001) for .ARM.Collect$$rtexit$$00000001
    rtexit2.o(.ARM.exidx) refers to rtexit2.o(.ARM.Collect$$rtexit$$00000003) for .ARM.Collect$$rtexit$$00000003
    rtexit2.o(.ARM.exidx) refers to rtexit2.o(.ARM.Collect$$rtexit$$00000004) for .ARM.Collect$$rtexit$$00000004
    __raise.o(.text) refers to defsig.o(CL$$defsig) for __default_signal_handler
    defsig_general.o(.text) refers to sys_wrch.o(.text) for _ttywrch
    sys_wrch.o(.text) refers (Special) to use_no_semi.o(.text) for __I$use$semihosting
    sys_wrch.o(.text) refers (Special) to indicate_semi.o(.text) for __semihosting_library_function
    defsig.o(CL$$defsig) refers to defsig_fpe_inner.o(.text) for __rt_SIGFPE_inner
    defsig.o(CL$$defsig) refers to defsig_rtmem_inner.o(.text) for __rt_SIGRTMEM_inner
    _get_argv_nomalloc.o(.text) refers (Special) to hrguard.o(.text) for __heap_region$guard
    _get_argv_nomalloc.o(.text) refers to defsig_rtmem_outer.o(.text) for __rt_SIGRTMEM
    _get_argv_nomalloc.o(.text) refers to sys_command.o(.text) for _sys_command_string
    libshutdown.o(.ARM.Collect$$libshutdown$$00000000) refers (Special) to libshutdown2.o(.ARM.Collect$$libshutdown$$00000002) for __rt_lib_shutdown_cpp_1
    libshutdown.o(.ARM.Collect$$libshutdown$$00000000) refers (Special) to libshutdown2.o(.ARM.Collect$$libshutdown$$00000007) for __rt_lib_shutdown_fp_trap_1
    libshutdown.o(.ARM.Collect$$libshutdown$$00000000) refers (Special) to libshutdown2.o(.ARM.Collect$$libshutdown$$0000000F) for __rt_lib_shutdown_heap_1
    libshutdown.o(.ARM.Collect$$libshutdown$$00000000) refers (Special) to libshutdown2.o(.ARM.Collect$$libshutdown$$00000010) for __rt_lib_shutdown_return
    libshutdown.o(.ARM.Collect$$libshutdown$$00000000) refers (Special) to libshutdown2.o(.ARM.Collect$$libshutdown$$0000000A) for __rt_lib_shutdown_signal_1
    libshutdown.o(.ARM.Collect$$libshutdown$$00000000) refers (Special) to libshutdown2.o(.ARM.Collect$$libshutdown$$00000004) for __rt_lib_shutdown_stdio_1
    libshutdown.o(.ARM.Collect$$libshutdown$$00000000) refers (Special) to libshutdown2.o(.ARM.Collect$$libshutdown$$0000000C) for __rt_lib_shutdown_user_alloc_1
    sys_command.o(.text) refers (Special) to use_no_semi.o(.text) for __I$use$semihosting
    sys_command.o(.text) refers (Special) to indicate_semi.o(.text) for __semihosting_library_function
    defsig_abrt_inner.o(.text) refers to defsig_general.o(.text) for __default_signal_display
    defsig_rtred_inner.o(.text) refers to defsig_general.o(.text) for __default_signal_display
    defsig_rtmem_inner.o(.text) refers to defsig_general.o(.text) for __default_signal_display
    defsig_rtmem_outer.o(.text) refers to defsig_rtmem_inner.o(.text) for __rt_SIGRTMEM_inner
    defsig_rtmem_outer.o(.text) refers to defsig_exit.o(.text) for __sig_exit
    defsig_rtmem_formal.o(.text) refers to rt_raise.o(.text) for __rt_raise
    defsig_stak_inner.o(.text) refers to defsig_general.o(.text) for __default_signal_display
    defsig_pvfn_inner.o(.text) refers to defsig_general.o(.text) for __default_signal_display
    defsig_cppl_inner.o(.text) refers to defsig_general.o(.text) for __default_signal_display
    defsig_segv_inner.o(.text) refers to defsig_general.o(.text) for __default_signal_display
    defsig_other.o(.text) refers to defsig_general.o(.text) for __default_signal_display


==============================================================================

Removing Unused input sections from the image.

    Removing accelerometer.o(.rev16_text), (4 bytes).
    Removing accelerometer.o(.revsh_text), (4 bytes).
    Removing i2c.o(.rev16_text), (4 bytes).
    Removing i2c.o(.revsh_text), (4 bytes).
    Removing i2c.o(i.i2c_WriteMultRegister), (104 bytes).
    Removing main.o(.rev16_text), (4 bytes).
    Removing main.o(.revsh_text), (4 bytes).
    Removing uart.o(.rev16_text), (4 bytes).
    Removing uart.o(.revsh_text), (4 bytes).
    Removing pit.o(.rev16_text), (4 bytes).
    Removing pit.o(.revsh_text), (4 bytes).
    Removing pit.o(i.pit_Stop), (28 bytes).
    Removing flash.o(.rev16_text), (4 bytes).
    Removing flash.o(.revsh_text), (4 bytes).
    Removing led_frdm-kl25z.o(.rev16_text), (4 bytes).
    Removing led_frdm-kl25z.o(.revsh_text), (4 bytes).
    Removing led_frdm-kl25z.o(i.LED_GetCount), (4 bytes).
    Removing led_frdm-kl25z.o(i.LED_SetOut), (42 bytes).
    Removing led_frdm-kl25z.o(i.LED_Uninitialize), (4 bytes).
    Removing system_mkl25z4.o(.rev16_text), (4 bytes).
    Removing system_mkl25z4.o(.revsh_text), (4 bytes).

21 unused section(s) (total 246 bytes) removed from the image.

==============================================================================

Image Symbol Table

    Local Symbols

    Symbol Name                              Value     Ov Type        Size  Object(Section)

    RESET                                    0x00000000   Section      192  startup_mkl25z4.o(RESET)
    ../clib/angel/boardlib.s                 0x00000000   Number         0  boardinit3.o ABSOLUTE
    ../clib/angel/boardlib.s                 0x00000000   Number         0  boardinit2.o ABSOLUTE
    ../clib/angel/boardlib.s                 0x00000000   Number         0  boardinit1.o ABSOLUTE
    ../clib/angel/boardlib.s                 0x00000000   Number         0  boardshut.o ABSOLUTE
    ../clib/angel/handlers.s                 0x00000000   Number         0  __scatter_copy.o ABSOLUTE
    ../clib/angel/handlers.s                 0x00000000   Number         0  __scatter_zi.o ABSOLUTE
    ../clib/angel/kernel.s                   0x00000000   Number         0  rtexit.o ABSOLUTE
    ../clib/angel/kernel.s                   0x00000000   Number         0  rtexit2.o ABSOLUTE
    ../clib/angel/kernel.s                   0x00000000   Number         0  __rtentry4.o ABSOLUTE
    ../clib/angel/kernel.s                   0x00000000   Number         0  __rtentry.o ABSOLUTE
    ../clib/angel/kernel.s                   0x00000000   Number         0  __rtentry2.o ABSOLUTE
    ../clib/angel/rt.s                       0x00000000   Number         0  aeabi_idiv0_sigfpe.o ABSOLUTE
    ../clib/angel/rt.s                       0x00000000   Number         0  rt_div0.o ABSOLUTE
    ../clib/angel/rt.s                       0x00000000   Number         0  rt_raise.o ABSOLUTE
    ../clib/angel/rt.s                       0x00000000   Number         0  aeabi_idiv0.o ABSOLUTE
    ../clib/angel/scatterp.s                 0x00000000   Number         0  __scatter.o ABSOLUTE
    ../clib/angel/startup.s                  0x00000000   Number         0  __main.o ABSOLUTE
    ../clib/angel/sys.s                      0x00000000   Number         0  tempstk.o ABSOLUTE
    ../clib/angel/sys.s                      0x00000000   Number         0  sys_stackheap_outer.o ABSOLUTE
    ../clib/angel/sys.s                      0x00000000   Number         0  indicate_semi.o ABSOLUTE
    ../clib/angel/sys.s                      0x00000000   Number         0  use_no_semi.o ABSOLUTE
    ../clib/angel/sys.s                      0x00000000   Number         0  libspace.o ABSOLUTE
    ../clib/angel/sysapp.c                   0x00000000   Number         0  sys_command.o ABSOLUTE
    ../clib/angel/sysapp.c                   0x00000000   Number         0  sys_wrch.o ABSOLUTE
    ../clib/angel/sysapp.c                   0x00000000   Number         0  sys_exit.o ABSOLUTE
    ../clib/armsys.c                         0x00000000   Number         0  no_argv.o ABSOLUTE
    ../clib/armsys.c                         0x00000000   Number         0  _get_argv_nomalloc.o ABSOLUTE
    ../clib/armsys.c                         0x00000000   Number         0  argv_veneer.o ABSOLUTE
    ../clib/division.s                       0x00000000   Number         0  aeabi_sdiv_div0.o ABSOLUTE
    ../clib/division.s                       0x00000000   Number         0  aeabi_sdiv.o ABSOLUTE
    ../clib/heapalloc.c                      0x00000000   Number         0  hrguard.o ABSOLUTE
    ../clib/heapaux.c                        0x00000000   Number         0  heapauxi.o ABSOLUTE
    ../clib/libinit.s                        0x00000000   Number         0  libshutdown2.o ABSOLUTE
    ../clib/libinit.s                        0x00000000   Number         0  libshutdown.o ABSOLUTE
    ../clib/libinit.s                        0x00000000   Number         0  libinit.o ABSOLUTE
    ../clib/libinit.s                        0x00000000   Number         0  libinit2.o ABSOLUTE
    ../clib/signal.c                         0x00000000   Number         0  defsig_rtmem_outer.o ABSOLUTE
    ../clib/signal.c                         0x00000000   Number         0  defsig_rtmem_formal.o ABSOLUTE
    ../clib/signal.c                         0x00000000   Number         0  defsig_stak_inner.o ABSOLUTE
    ../clib/signal.c                         0x00000000   Number         0  defsig_pvfn_inner.o ABSOLUTE
    ../clib/signal.c                         0x00000000   Number         0  defsig_cppl_inner.o ABSOLUTE
    ../clib/signal.c                         0x00000000   Number         0  defsig_segv_inner.o ABSOLUTE
    ../clib/signal.c                         0x00000000   Number         0  defsig_fpe_inner.o ABSOLUTE
    ../clib/signal.c                         0x00000000   Number         0  defsig_other.o ABSOLUTE
    ../clib/signal.c                         0x00000000   Number         0  defsig_rtred_inner.o ABSOLUTE
    ../clib/signal.c                         0x00000000   Number         0  defsig_fpe_outer.o ABSOLUTE
    ../clib/signal.c                         0x00000000   Number         0  defsig_fpe_formal.o ABSOLUTE
    ../clib/signal.c                         0x00000000   Number         0  defsig_exit.o ABSOLUTE
    ../clib/signal.c                         0x00000000   Number         0  __raise.o ABSOLUTE
    ../clib/signal.c                         0x00000000   Number         0  defsig_general.o ABSOLUTE
    ../clib/signal.c                         0x00000000   Number         0  defsig_abrt_inner.o ABSOLUTE
    ../clib/signal.c                         0x00000000   Number         0  defsig_rtmem_inner.o ABSOLUTE
    ../clib/signal.s                         0x00000000   Number         0  defsig.o ABSOLUTE
    ../clib/stdlib.c                         0x00000000   Number         0  exit.o ABSOLUTE
    ../clib/string.c                         0x00000000   Number         0  strlen.o ABSOLUTE
    ../clib/string.c                         0x00000000   Number         0  strcat.o ABSOLUTE
    ../fplib/cfplib/fpinit.c                 0x00000000   Number         0  fpinit.o ABSOLUTE
    C:\Keil_v5\ARM\PACK\Keil\Kinetis_KLxx_DFP\1.15.0\Boards\NXP\FRDM-KL25Z\Common\LED_FRDM-KL25Z.c 0x00000000   Number         0  led_frdm-kl25z.o ABSOLUTE
    C:\\Keil_v5\\ARM\\PACK\\Keil\\Kinetis_KLxx_DFP\\1.15.0\\Boards\\NXP\\FRDM-KL25Z\\Common\\LED_FRDM-KL25Z.c 0x00000000   Number         0  led_frdm-kl25z.o ABSOLUTE
    Flash.c                                  0x00000000   Number         0  flash.o ABSOLUTE
    Flash.c                                  0x00000000   Number         0  flash.o ABSOLUTE
    PIT.c                                    0x00000000   Number         0  pit.o ABSOLUTE
    PIT.c                                    0x00000000   Number         0  pit.o ABSOLUTE
    RTE\Device\MKL25Z128xxx4\startup_MKL25Z4.s 0x00000000   Number         0  startup_mkl25z4.o ABSOLUTE
    RTE\Device\MKL25Z128xxx4\system_MKL25Z4.c 0x00000000   Number         0  system_mkl25z4.o ABSOLUTE
    RTE\\Device\\MKL25Z128xxx4\\system_MKL25Z4.c 0x00000000   Number         0  system_mkl25z4.o ABSOLUTE
    UART.c                                   0x00000000   Number         0  uart.o ABSOLUTE
    UART.c                                   0x00000000   Number         0  uart.o ABSOLUTE
    accelerometer.c                          0x00000000   Number         0  accelerometer.o ABSOLUTE
    accelerometer.c                          0x00000000   Number         0  accelerometer.o ABSOLUTE
    dc.s                                     0x00000000   Number         0  dc.o ABSOLUTE
    i2c.c                                    0x00000000   Number         0  i2c.o ABSOLUTE
    i2c.c                                    0x00000000   Number         0  i2c.o ABSOLUTE
    main.c                                   0x00000000   Number         0  main.o ABSOLUTE
    main.c                                   0x00000000   Number         0  main.o ABSOLUTE
    !!!main                                  0x000000c0   Section        8  __main.o(!!!main)
    !!!scatter                               0x000000c8   Section       60  __scatter.o(!!!scatter)
    !!handler_copy                           0x00000104   Section       26  __scatter_copy.o(!!handler_copy)
    !!handler_zi                             0x00000120   Section       28  __scatter_zi.o(!!handler_zi)
    .ARM.Collect$$libinit$$00000000          0x0000013c   Section        2  libinit.o(.ARM.Collect$$libinit$$00000000)
    .ARM.Collect$$libinit$$00000002          0x0000013e   Section        0  libinit2.o(.ARM.Collect$$libinit$$00000002)
    .ARM.Collect$$libinit$$00000004          0x0000013e   Section        0  libinit2.o(.ARM.Collect$$libinit$$00000004)
    .ARM.Collect$$libinit$$0000000A          0x0000013e   Section        0  libinit2.o(.ARM.Collect$$libinit$$0000000A)
    .ARM.Collect$$libinit$$0000000C          0x0000013e   Section        0  libinit2.o(.ARM.Collect$$libinit$$0000000C)
    .ARM.Collect$$libinit$$0000000E          0x0000013e   Section        0  libinit2.o(.ARM.Collect$$libinit$$0000000E)
    .ARM.Collect$$libinit$$00000011          0x0000013e   Section        0  libinit2.o(.ARM.Collect$$libinit$$00000011)
    .ARM.Collect$$libinit$$00000013          0x0000013e   Section        0  libinit2.o(.ARM.Collect$$libinit$$00000013)
    .ARM.Collect$$libinit$$00000015          0x0000013e   Section        0  libinit2.o(.ARM.Collect$$libinit$$00000015)
    .ARM.Collect$$libinit$$00000017          0x0000013e   Section        0  libinit2.o(.ARM.Collect$$libinit$$00000017)
    .ARM.Collect$$libinit$$00000019          0x0000013e   Section        0  libinit2.o(.ARM.Collect$$libinit$$00000019)
    .ARM.Collect$$libinit$$0000001B          0x0000013e   Section        0  libinit2.o(.ARM.Collect$$libinit$$0000001B)
    .ARM.Collect$$libinit$$0000001D          0x0000013e   Section        0  libinit2.o(.ARM.Collect$$libinit$$0000001D)
    .ARM.Collect$$libinit$$0000001F          0x0000013e   Section        0  libinit2.o(.ARM.Collect$$libinit$$0000001F)
    .ARM.Collect$$libinit$$00000021          0x0000013e   Section        0  libinit2.o(.ARM.Collect$$libinit$$00000021)
    .ARM.Collect$$libinit$$00000023          0x0000013e   Section        0  libinit2.o(.ARM.Collect$$libinit$$00000023)
    .ARM.Collect$$libinit$$00000025          0x0000013e   Section        0  libinit2.o(.ARM.Collect$$libinit$$00000025)
    .ARM.Collect$$libinit$$0000002C          0x0000013e   Section        0  libinit2.o(.ARM.Collect$$libinit$$0000002C)
    .ARM.Collect$$libinit$$0000002E          0x0000013e   Section        0  libinit2.o(.ARM.Collect$$libinit$$0000002E)
    .ARM.Collect$$libinit$$00000030          0x0000013e   Section        0  libinit2.o(.ARM.Collect$$libinit$$00000030)
    .ARM.Collect$$libinit$$00000032          0x0000013e   Section        0  libinit2.o(.ARM.Collect$$libinit$$00000032)
    .ARM.Collect$$libinit$$00000033          0x0000013e   Section        2  libinit2.o(.ARM.Collect$$libinit$$00000033)
    .ARM.Collect$$libshutdown$$00000000      0x00000140   Section        2  libshutdown.o(.ARM.Collect$$libshutdown$$00000000)
    .ARM.Collect$$libshutdown$$00000002      0x00000142   Section        0  libshutdown2.o(.ARM.Collect$$libshutdown$$00000002)
    .ARM.Collect$$libshutdown$$00000004      0x00000142   Section        0  libshutdown2.o(.ARM.Collect$$libshutdown$$00000004)
    .ARM.Collect$$libshutdown$$00000007      0x00000142   Section        0  libshutdown2.o(.ARM.Collect$$libshutdown$$00000007)
    .ARM.Collect$$libshutdown$$0000000A      0x00000142   Section        0  libshutdown2.o(.ARM.Collect$$libshutdown$$0000000A)
    .ARM.Collect$$libshutdown$$0000000C      0x00000142   Section        0  libshutdown2.o(.ARM.Collect$$libshutdown$$0000000C)
    .ARM.Collect$$libshutdown$$0000000F      0x00000142   Section        0  libshutdown2.o(.ARM.Collect$$libshutdown$$0000000F)
    .ARM.Collect$$libshutdown$$00000010      0x00000142   Section        2  libshutdown2.o(.ARM.Collect$$libshutdown$$00000010)
    .ARM.Collect$$rtentry$$00000000          0x00000144   Section        0  __rtentry.o(.ARM.Collect$$rtentry$$00000000)
    .ARM.Collect$$rtentry$$00000002          0x00000144   Section        0  __rtentry2.o(.ARM.Collect$$rtentry$$00000002)
    .ARM.Collect$$rtentry$$00000004          0x00000144   Section        6  __rtentry4.o(.ARM.Collect$$rtentry$$00000004)
    .ARM.Collect$$rtentry$$00000009          0x0000014a   Section        0  __rtentry2.o(.ARM.Collect$$rtentry$$00000009)
    .ARM.Collect$$rtentry$$0000000A          0x0000014a   Section        4  __rtentry2.o(.ARM.Collect$$rtentry$$0000000A)
    .ARM.Collect$$rtentry$$0000000C          0x0000014e   Section        0  __rtentry2.o(.ARM.Collect$$rtentry$$0000000C)
    .ARM.Collect$$rtentry$$0000000D          0x0000014e   Section        8  __rtentry2.o(.ARM.Collect$$rtentry$$0000000D)
    .ARM.Collect$$rtexit$$00000000           0x00000156   Section        2  rtexit.o(.ARM.Collect$$rtexit$$00000000)
    .ARM.Collect$$rtexit$$00000002           0x00000158   Section        0  rtexit2.o(.ARM.Collect$$rtexit$$00000002)
    .ARM.Collect$$rtexit$$00000003           0x00000158   Section        4  rtexit2.o(.ARM.Collect$$rtexit$$00000003)
    .ARM.Collect$$rtexit$$00000004           0x0000015c   Section        6  rtexit2.o(.ARM.Collect$$rtexit$$00000004)
    .text                                    0x00000164   Section       64  startup_mkl25z4.o(.text)
    .text                                    0x000001a4   Section        0  strlen.o(.text)
    .text                                    0x000001e8   Section        0  strcat.o(.text)
    .text                                    0x00000200   Section      346  aeabi_sdiv.o(.text)
    .text                                    0x0000035a   Section        0  heapauxi.o(.text)
    .text                                    0x00000360   Section       62  sys_stackheap_outer.o(.text)
    .text                                    0x0000039e   Section        0  exit.o(.text)
    .text                                    0x000003b0   Section        8  libspace.o(.text)
    .text                                    0x000003b8   Section        0  sys_exit.o(.text)
    .text                                    0x000003c4   Section        2  use_no_semi.o(.text)
    .text                                    0x000003c6   Section        0  indicate_semi.o(.text)
    i.LED_Off                                0x000003c8   Section        0  led_frdm-kl25z.o(i.LED_Off)
    i.SystemInit                             0x000003ec   Section        0  system_mkl25z4.o(i.SystemInit)
    i.i2c_ReadByte                           0x000003f8   Section        0  i2c.o(i.i2c_ReadByte)
    .ARM.__at_0x400                          0x00000400   Section       16  startup_mkl25z4.o(.ARM.__at_0x400)
    i.LED_Initialize                         0x00000410   Section        0  led_frdm-kl25z.o(i.LED_Initialize)
    i.LED_On                                 0x000004b4   Section        0  led_frdm-kl25z.o(i.LED_On)
    i.PIT_IRQHandler                         0x000004d8   Section        0  main.o(i.PIT_IRQHandler)
    i.SystemCoreClockUpdate                  0x00000510   Section        0  system_mkl25z4.o(i.SystemCoreClockUpdate)
    i.UART0_IRQHandler                       0x000006a0   Section        0  main.o(i.UART0_IRQHandler)
    i.__ARM_common_switch8                   0x00000710   Section        0  uart.o(i.__ARM_common_switch8)
    i.accInit                                0x0000072c   Section        0  accelerometer.o(i.accInit)
    i.accOnOff                               0x00000790   Section        0  accelerometer.o(i.accOnOff)
    i.delay                                  0x000007d8   Section        0  i2c.o(i.delay)
    i.flash_EraseSector                      0x000007e8   Section        0  flash.o(i.flash_EraseSector)
    i.flash_writeLongWord                    0x0000083c   Section        0  flash.o(i.flash_writeLongWord)
    i.i2c_DisableAck                         0x000008b8   Section        0  i2c.o(i.i2c_DisableAck)
    i.i2c_EnableAck                          0x000008c2   Section        0  i2c.o(i.i2c_EnableAck)
    i.i2c_EnterRxMode                        0x000008cc   Section        0  i2c.o(i.i2c_EnterRxMode)
    i.i2c_Init                               0x000008d8   Section        0  i2c.o(i.i2c_Init)
    i.i2c_ReadMultRegister                   0x00000a30   Section        0  i2c.o(i.i2c_ReadMultRegister)
    i.i2c_ReadRegister                       0x00000aea   Section        0  i2c.o(i.i2c_ReadRegister)
    i.i2c_RepeatedStart                      0x00000b62   Section        0  i2c.o(i.i2c_RepeatedStart)
    i.i2c_Start                              0x00000b6c   Section        0  i2c.o(i.i2c_Start)
    i.i2c_Stop                               0x00000b7e   Section        0  i2c.o(i.i2c_Stop)
    i.i2c_Wait                               0x00000b90   Section        0  i2c.o(i.i2c_Wait)
    i.i2c_WriteByte                          0x00000bb4   Section        0  i2c.o(i.i2c_WriteByte)
    i.i2c_WriteRegister                      0x00000bb8   Section        0  i2c.o(i.i2c_WriteRegister)
    i.initUart                               0x00000c04   Section        0  uart.o(i.initUart)
    i.main                                   0x00000d00   Section        0  main.o(i.main)
    i.pit_Init                               0x00000ed8   Section        0  pit.o(i.pit_Init)
    i.pit_Start                              0x00000f38   Section        0  pit.o(i.pit_Start)
    i.powermodeSleep                         0x00000f54   Section        0  main.o(i.powermodeSleep)
    i.readAcc                                0x00000f58   Section        0  accelerometer.o(i.readAcc)
    i.readCommand                            0x0000100c   Section        0  uart.o(i.readCommand)
    i.returnACK                              0x00001218   Section        0  uart.o(i.returnACK)
    i.returnDumpFirst                        0x0000127c   Section        0  uart.o(i.returnDumpFirst)
    i.returnDumpLast                         0x000012ec   Section        0  uart.o(i.returnDumpLast)
    i.returnNAK                              0x00001350   Section        0  uart.o(i.returnNAK)
    i.returnStatus                           0x000013b4   Section        0  uart.o(i.returnStatus)
    i.setValue                               0x00001474   Section        0  uart.o(i.setValue)
    i.uartSendString                         0x00001494   Section        0  uart.o(i.uartSendString)
    .constdata                               0x000015a8   Section       36  led_frdm-kl25z.o(.constdata)
    .data                                    0x1ffff000   Section       84  main.o(.data)
    .data                                    0x1ffff054   Section        4  system_mkl25z4.o(.data)
    .bss                                     0x1ffff058   Section     1400  main.o(.bss)
    .bss                                     0x1ffff5d0   Section       96  libspace.o(.bss)
    HEAP                                     0x1ffff630   Section        0  startup_mkl25z4.o(HEAP)
    STACK                                    0x1ffff630   Section      256  startup_mkl25z4.o(STACK)
    Heap_Mem                                 0x1ffff630   Data           0  startup_mkl25z4.o(HEAP)
    Stack_Mem                                0x1ffff630   Data         256  startup_mkl25z4.o(STACK)
    __initial_sp                             0x1ffff730   Data           0  startup_mkl25z4.o(STACK)

    Global Symbols

    Symbol Name                              Value     Ov Type        Size  Object(Section)

    BuildAttributes$$THM_ISAv3M$S$PE$A:L22$X:L11$S22$IEEE1$IW$USESV6$~STKCKD$USESV7$~SHL$OSPACE$ROPI$EBA8$UX$STANDARDLIB$REQ8$PRES8$EABIv2 0x00000000   Number         0  anon$$obj.o ABSOLUTE
    __ARM_use_no_argv                        0x00000000   Number         0  main.o ABSOLUTE
    __Vectors                                0x00000000   Data           4  startup_mkl25z4.o(RESET)
    __ARM_exceptions_init                     - Undefined Weak Reference
    __alloca_initialize                       - Undefined Weak Reference
    __arm_preinit_                            - Undefined Weak Reference
    __cpp_initialize__aeabi_                  - Undefined Weak Reference
    __cxa_finalize                            - Undefined Weak Reference
    __rt_locale                               - Undefined Weak Reference
    __sigvec_lookup                           - Undefined Weak Reference
    _atexit_init                              - Undefined Weak Reference
    _call_atexit_fns                          - Undefined Weak Reference
    _clock_init                               - Undefined Weak Reference
    _fp_trap_init                             - Undefined Weak Reference
    _fp_trap_shutdown                         - Undefined Weak Reference
    _get_lc_collate                           - Undefined Weak Reference
    _get_lc_ctype                             - Undefined Weak Reference
    _get_lc_monetary                          - Undefined Weak Reference
    _get_lc_numeric                           - Undefined Weak Reference
    _get_lc_time                              - Undefined Weak Reference
    _getenv_init                              - Undefined Weak Reference
    _handle_redirection                       - Undefined Weak Reference
    _init_alloc                               - Undefined Weak Reference
    _init_user_alloc                          - Undefined Weak Reference
    _initio                                   - Undefined Weak Reference
    _rand_init                                - Undefined Weak Reference
    _signal_finish                            - Undefined Weak Reference
    _signal_init                              - Undefined Weak Reference
    _terminate_alloc                          - Undefined Weak Reference
    _terminate_user_alloc                     - Undefined Weak Reference
    _terminateio                              - Undefined Weak Reference
    __Vectors_End                            0x000000c0   Data           0  startup_mkl25z4.o(RESET)
    __Vectors_Size                           0x000000c0   Number         0  startup_mkl25z4.o ABSOLUTE
    __main                                   0x000000c1   Thumb Code     8  __main.o(!!!main)
    __scatterload                            0x000000c9   Thumb Code     0  __scatter.o(!!!scatter)
    __scatterload_rt2                        0x000000c9   Thumb Code    52  __scatter.o(!!!scatter)
    __scatterload_rt2_thumb_only             0x000000c9   Thumb Code     0  __scatter.o(!!!scatter)
    __scatterload_null                       0x000000d9   Thumb Code     0  __scatter.o(!!!scatter)
    __scatterload_copy                       0x00000105   Thumb Code    26  __scatter_copy.o(!!handler_copy)
    __scatterload_zeroinit                   0x00000121   Thumb Code    28  __scatter_zi.o(!!handler_zi)
    __rt_lib_init                            0x0000013d   Thumb Code     0  libinit.o(.ARM.Collect$$libinit$$00000000)
    __rt_lib_init_alloca_1                   0x0000013f   Thumb Code     0  libinit2.o(.ARM.Collect$$libinit$$0000002E)
    __rt_lib_init_argv_1                     0x0000013f   Thumb Code     0  libinit2.o(.ARM.Collect$$libinit$$0000002C)
    __rt_lib_init_atexit_1                   0x0000013f   Thumb Code     0  libinit2.o(.ARM.Collect$$libinit$$0000001B)
    __rt_lib_init_clock_1                    0x0000013f   Thumb Code     0  libinit2.o(.ARM.Collect$$libinit$$00000021)
    __rt_lib_init_cpp_1                      0x0000013f   Thumb Code     0  libinit2.o(.ARM.Collect$$libinit$$00000032)
    __rt_lib_init_exceptions_1               0x0000013f   Thumb Code     0  libinit2.o(.ARM.Collect$$libinit$$00000030)
    __rt_lib_init_fp_1                       0x0000013f   Thumb Code     0  libinit2.o(.ARM.Collect$$libinit$$00000002)
    __rt_lib_init_fp_trap_1                  0x0000013f   Thumb Code     0  libinit2.o(.ARM.Collect$$libinit$$0000001F)
    __rt_lib_init_getenv_1                   0x0000013f   Thumb Code     0  libinit2.o(.ARM.Collect$$libinit$$00000023)
    __rt_lib_init_heap_1                     0x0000013f   Thumb Code     0  libinit2.o(.ARM.Collect$$libinit$$0000000A)
    __rt_lib_init_lc_collate_1               0x0000013f   Thumb Code     0  libinit2.o(.ARM.Collect$$libinit$$00000011)
    __rt_lib_init_lc_ctype_1                 0x0000013f   Thumb Code     0  libinit2.o(.ARM.Collect$$libinit$$00000013)
    __rt_lib_init_lc_monetary_1              0x0000013f   Thumb Code     0  libinit2.o(.ARM.Collect$$libinit$$00000015)
    __rt_lib_init_lc_numeric_1               0x0000013f   Thumb Code     0  libinit2.o(.ARM.Collect$$libinit$$00000017)
    __rt_lib_init_lc_time_1                  0x0000013f   Thumb Code     0  libinit2.o(.ARM.Collect$$libinit$$00000019)
    __rt_lib_init_preinit_1                  0x0000013f   Thumb Code     0  libinit2.o(.ARM.Collect$$libinit$$00000004)
    __rt_lib_init_rand_1                     0x0000013f   Thumb Code     0  libinit2.o(.ARM.Collect$$libinit$$0000000E)
    __rt_lib_init_return                     0x0000013f   Thumb Code     0  libinit2.o(.ARM.Collect$$libinit$$00000033)
    __rt_lib_init_signal_1                   0x0000013f   Thumb Code     0  libinit2.o(.ARM.Collect$$libinit$$0000001D)
    __rt_lib_init_stdio_1                    0x0000013f   Thumb Code     0  libinit2.o(.ARM.Collect$$libinit$$00000025)
    __rt_lib_init_user_alloc_1               0x0000013f   Thumb Code     0  libinit2.o(.ARM.Collect$$libinit$$0000000C)
    __rt_lib_shutdown                        0x00000141   Thumb Code     0  libshutdown.o(.ARM.Collect$$libshutdown$$00000000)
    __rt_lib_shutdown_cpp_1                  0x00000143   Thumb Code     0  libshutdown2.o(.ARM.Collect$$libshutdown$$00000002)
    __rt_lib_shutdown_fp_trap_1              0x00000143   Thumb Code     0  libshutdown2.o(.ARM.Collect$$libshutdown$$00000007)
    __rt_lib_shutdown_heap_1                 0x00000143   Thumb Code     0  libshutdown2.o(.ARM.Collect$$libshutdown$$0000000F)
    __rt_lib_shutdown_return                 0x00000143   Thumb Code     0  libshutdown2.o(.ARM.Collect$$libshutdown$$00000010)
    __rt_lib_shutdown_signal_1               0x00000143   Thumb Code     0  libshutdown2.o(.ARM.Collect$$libshutdown$$0000000A)
    __rt_lib_shutdown_stdio_1                0x00000143   Thumb Code     0  libshutdown2.o(.ARM.Collect$$libshutdown$$00000004)
    __rt_lib_shutdown_user_alloc_1           0x00000143   Thumb Code     0  libshutdown2.o(.ARM.Collect$$libshutdown$$0000000C)
    __rt_entry                               0x00000145   Thumb Code     0  __rtentry.o(.ARM.Collect$$rtentry$$00000000)
    __rt_entry_presh_1                       0x00000145   Thumb Code     0  __rtentry2.o(.ARM.Collect$$rtentry$$00000002)
    __rt_entry_sh                            0x00000145   Thumb Code     0  __rtentry4.o(.ARM.Collect$$rtentry$$00000004)
    __rt_entry_li                            0x0000014b   Thumb Code     0  __rtentry2.o(.ARM.Collect$$rtentry$$0000000A)
    __rt_entry_postsh_1                      0x0000014b   Thumb Code     0  __rtentry2.o(.ARM.Collect$$rtentry$$00000009)
    __rt_entry_main                          0x0000014f   Thumb Code     0  __rtentry2.o(.ARM.Collect$$rtentry$$0000000D)
    __rt_entry_postli_1                      0x0000014f   Thumb Code     0  __rtentry2.o(.ARM.Collect$$rtentry$$0000000C)
    __rt_exit                                0x00000157   Thumb Code     0  rtexit.o(.ARM.Collect$$rtexit$$00000000)
    __rt_exit_ls                             0x00000159   Thumb Code     0  rtexit2.o(.ARM.Collect$$rtexit$$00000003)
    __rt_exit_prels_1                        0x00000159   Thumb Code     0  rtexit2.o(.ARM.Collect$$rtexit$$00000002)
    __rt_exit_exit                           0x0000015d   Thumb Code     0  rtexit2.o(.ARM.Collect$$rtexit$$00000004)
    Reset_Handler                            0x00000165   Thumb Code    12  startup_mkl25z4.o(.text)
    NMI_Handler                              0x00000171   Thumb Code     2  startup_mkl25z4.o(.text)
    HardFault_Handler                        0x00000173   Thumb Code     2  startup_mkl25z4.o(.text)
    SVC_Handler                              0x00000175   Thumb Code     2  startup_mkl25z4.o(.text)
    PendSV_Handler                           0x00000177   Thumb Code     2  startup_mkl25z4.o(.text)
    SysTick_Handler                          0x00000179   Thumb Code     2  startup_mkl25z4.o(.text)
    ADC0_IRQHandler                          0x0000017b   Thumb Code     0  startup_mkl25z4.o(.text)
    CMP0_IRQHandler                          0x0000017b   Thumb Code     0  startup_mkl25z4.o(.text)
    DAC0_IRQHandler                          0x0000017b   Thumb Code     0  startup_mkl25z4.o(.text)
    DMA0_IRQHandler                          0x0000017b   Thumb Code     0  startup_mkl25z4.o(.text)
    DMA1_IRQHandler                          0x0000017b   Thumb Code     0  startup_mkl25z4.o(.text)
    DMA2_IRQHandler                          0x0000017b   Thumb Code     0  startup_mkl25z4.o(.text)
    DMA3_IRQHandler                          0x0000017b   Thumb Code     0  startup_mkl25z4.o(.text)
    DefaultISR                               0x0000017b   Thumb Code     0  startup_mkl25z4.o(.text)
    FTFA_IRQHandler                          0x0000017b   Thumb Code     0  startup_mkl25z4.o(.text)
    I2C0_IRQHandler                          0x0000017b   Thumb Code     0  startup_mkl25z4.o(.text)
    I2C1_IRQHandler                          0x0000017b   Thumb Code     0  startup_mkl25z4.o(.text)
    LLWU_IRQHandler                          0x0000017b   Thumb Code     0  startup_mkl25z4.o(.text)
    LPTMR0_IRQHandler                        0x0000017b   Thumb Code     0  startup_mkl25z4.o(.text)
    LVD_LVW_IRQHandler                       0x0000017b   Thumb Code     0  startup_mkl25z4.o(.text)
    MCG_IRQHandler                           0x0000017b   Thumb Code     0  startup_mkl25z4.o(.text)
    PORTA_IRQHandler                         0x0000017b   Thumb Code     0  startup_mkl25z4.o(.text)
    PORTD_IRQHandler                         0x0000017b   Thumb Code     0  startup_mkl25z4.o(.text)
    RTC_IRQHandler                           0x0000017b   Thumb Code     0  startup_mkl25z4.o(.text)
    RTC_Seconds_IRQHandler                   0x0000017b   Thumb Code     0  startup_mkl25z4.o(.text)
    Reserved20_IRQHandler                    0x0000017b   Thumb Code     0  startup_mkl25z4.o(.text)
    Reserved39_IRQHandler                    0x0000017b   Thumb Code     0  startup_mkl25z4.o(.text)
    Reserved45_IRQHandler                    0x0000017b   Thumb Code     0  startup_mkl25z4.o(.text)
    SPI0_IRQHandler                          0x0000017b   Thumb Code     0  startup_mkl25z4.o(.text)
    SPI1_IRQHandler                          0x0000017b   Thumb Code     0  startup_mkl25z4.o(.text)
    TPM0_IRQHandler                          0x0000017b   Thumb Code     0  startup_mkl25z4.o(.text)
    TPM1_IRQHandler                          0x0000017b   Thumb Code     0  startup_mkl25z4.o(.text)
    TPM2_IRQHandler                          0x0000017b   Thumb Code     0  startup_mkl25z4.o(.text)
    TSI0_IRQHandler                          0x0000017b   Thumb Code     0  startup_mkl25z4.o(.text)
    UART1_IRQHandler                         0x0000017b   Thumb Code     0  startup_mkl25z4.o(.text)
    UART2_IRQHandler                         0x0000017b   Thumb Code     0  startup_mkl25z4.o(.text)
    USB0_IRQHandler                          0x0000017b   Thumb Code     0  startup_mkl25z4.o(.text)
    __user_initial_stackheap                 0x00000181   Thumb Code     0  startup_mkl25z4.o(.text)
    strlen                                   0x000001a5   Thumb Code    62  strlen.o(.text)
    strcat                                   0x000001e9   Thumb Code    24  strcat.o(.text)
    __aeabi_uidiv                            0x00000201   Thumb Code     0  aeabi_sdiv.o(.text)
    __aeabi_uidivmod                         0x00000201   Thumb Code    20  aeabi_sdiv.o(.text)
    __aeabi_idiv                             0x00000215   Thumb Code     0  aeabi_sdiv.o(.text)
    __aeabi_idivmod                          0x00000215   Thumb Code   326  aeabi_sdiv.o(.text)
    __use_two_region_memory                  0x0000035b   Thumb Code     2  heapauxi.o(.text)
    __rt_heap_escrow$2region                 0x0000035d   Thumb Code     2  heapauxi.o(.text)
    __rt_heap_expand$2region                 0x0000035f   Thumb Code     2  heapauxi.o(.text)
    __user_setup_stackheap                   0x00000361   Thumb Code    62  sys_stackheap_outer.o(.text)
    exit                                     0x0000039f   Thumb Code    16  exit.o(.text)
    __user_libspace                          0x000003b1   Thumb Code     8  libspace.o(.text)
    __user_perproc_libspace                  0x000003b1   Thumb Code     0  libspace.o(.text)
    __user_perthread_libspace                0x000003b1   Thumb Code     0  libspace.o(.text)
    _sys_exit                                0x000003b9   Thumb Code     8  sys_exit.o(.text)
    __I$use$semihosting                      0x000003c5   Thumb Code     0  use_no_semi.o(.text)
    __use_no_semihosting_swi                 0x000003c5   Thumb Code     2  use_no_semi.o(.text)
    __semihosting_library_function           0x000003c7   Thumb Code     0  indicate_semi.o(.text)
    LED_Off                                  0x000003c9   Thumb Code    28  led_frdm-kl25z.o(i.LED_Off)
    SystemInit                               0x000003ed   Thumb Code     8  system_mkl25z4.o(i.SystemInit)
    i2c_ReadByte                             0x000003f9   Thumb Code     6  i2c.o(i.i2c_ReadByte)
    LED_Initialize                           0x00000411   Thumb Code   148  led_frdm-kl25z.o(i.LED_Initialize)
    LED_On                                   0x000004b5   Thumb Code    28  led_frdm-kl25z.o(i.LED_On)
    PIT_IRQHandler                           0x000004d9   Thumb Code    42  main.o(i.PIT_IRQHandler)
    SystemCoreClockUpdate                    0x00000511   Thumb Code   372  system_mkl25z4.o(i.SystemCoreClockUpdate)
    UART0_IRQHandler                         0x000006a1   Thumb Code    86  main.o(i.UART0_IRQHandler)
    __ARM_common_switch8                     0x00000711   Thumb Code    28  uart.o(i.__ARM_common_switch8)
    accInit                                  0x0000072d   Thumb Code    84  accelerometer.o(i.accInit)
    accOnOff                                 0x00000791   Thumb Code    64  accelerometer.o(i.accOnOff)
    delay                                    0x000007d9   Thumb Code    16  i2c.o(i.delay)
    flash_EraseSector                        0x000007e9   Thumb Code    78  flash.o(i.flash_EraseSector)
    flash_writeLongWord                      0x0000083d   Thumb Code   120  flash.o(i.flash_writeLongWord)
    i2c_DisableAck                           0x000008b9   Thumb Code    10  i2c.o(i.i2c_DisableAck)
    i2c_EnableAck                            0x000008c3   Thumb Code    10  i2c.o(i.i2c_EnableAck)
    i2c_EnterRxMode                          0x000008cd   Thumb Code    10  i2c.o(i.i2c_EnterRxMode)
    i2c_Init                                 0x000008d9   Thumb Code   316  i2c.o(i.i2c_Init)
    i2c_ReadMultRegister                     0x00000a31   Thumb Code   186  i2c.o(i.i2c_ReadMultRegister)
    i2c_ReadRegister                         0x00000aeb   Thumb Code   120  i2c.o(i.i2c_ReadRegister)
    i2c_RepeatedStart                        0x00000b63   Thumb Code    10  i2c.o(i.i2c_RepeatedStart)
    i2c_Start                                0x00000b6d   Thumb Code    18  i2c.o(i.i2c_Start)
    i2c_Stop                                 0x00000b7f   Thumb Code    18  i2c.o(i.i2c_Stop)
    i2c_Wait                                 0x00000b91   Thumb Code    32  i2c.o(i.i2c_Wait)
    i2c_WriteByte                            0x00000bb5   Thumb Code     4  i2c.o(i.i2c_WriteByte)
    i2c_WriteRegister                        0x00000bb9   Thumb Code    74  i2c.o(i.i2c_WriteRegister)
    initUart                                 0x00000c05   Thumb Code   232  uart.o(i.initUart)
    main                                     0x00000d01   Thumb Code   424  main.o(i.main)
    pit_Init                                 0x00000ed9   Thumb Code    80  pit.o(i.pit_Init)
    pit_Start                                0x00000f39   Thumb Code    22  pit.o(i.pit_Start)
    powermodeSleep                           0x00000f55   Thumb Code     4  main.o(i.powermodeSleep)
    readAcc                                  0x00000f59   Thumb Code   156  accelerometer.o(i.readAcc)
    readCommand                              0x0000100d   Thumb Code   488  uart.o(i.readCommand)
    returnACK                                0x00001219   Thumb Code    80  uart.o(i.returnACK)
    returnDumpFirst                          0x0000127d   Thumb Code    88  uart.o(i.returnDumpFirst)
    returnDumpLast                           0x000012ed   Thumb Code    80  uart.o(i.returnDumpLast)
    returnNAK                                0x00001351   Thumb Code    80  uart.o(i.returnNAK)
    returnStatus                             0x000013b5   Thumb Code   156  uart.o(i.returnStatus)
    setValue                                 0x00001475   Thumb Code    22  uart.o(i.setValue)
    uartSendString                           0x00001495   Thumb Code   246  uart.o(i.uartSendString)
    led_pin                                  0x000015a8   Data          12  led_frdm-kl25z.o(.constdata)
    led_port                                 0x000015b4   Data          12  led_frdm-kl25z.o(.constdata)
    led_gpio                                 0x000015c0   Data          12  led_frdm-kl25z.o(.constdata)
    Region$$Table$$Base                      0x000015cc   Number         0  anon$$obj.o(Region$$Table)
    Region$$Table$$Limit                     0x000015ec   Number         0  anon$$obj.o(Region$$Table)
    acc_ctrl                                 0x1ffff000   Data           1  main.o(.data)
    acc_status                               0x1ffff001   Data           1  main.o(.data)
    accs_regs                                0x1ffff002   Data           6  main.o(.data)
    accX                                     0x1ffff008   Data           2  main.o(.data)
    accY                                     0x1ffff00a   Data           2  main.o(.data)
    accZ                                     0x1ffff00c   Data           2  main.o(.data)
    c                                        0x1ffff00e   Data           1  main.o(.data)
    flagCommReceived                         0x1ffff010   Data           4  main.o(.data)
    flagCommSend                             0x1ffff014   Data           4  main.o(.data)
    pitIntervalMeasure                       0x1ffff018   Data           4  main.o(.data)
    pitIntervalLight                         0x1ffff01c   Data           4  main.o(.data)
    clockUART                                0x1ffff020   Data           4  main.o(.data)
    msgLength                                0x1ffff024   Data           4  main.o(.data)
    msgPointer                               0x1ffff028   Data           4  main.o(.data)
    commandPointer                           0x1ffff02c   Data           4  main.o(.data)
    bufferPointer                            0x1ffff030   Data           4  main.o(.data)
    systemStatus                             0x1ffff034   Data           4  main.o(.data)
    afterDump                                0x1ffff038   Data           4  main.o(.data)
    pflash_sector                            0x1ffff03c   Data           4  main.o(.data)
    value_readedX                            0x1ffff040   Data           4  main.o(.data)
    value_readedY                            0x1ffff044   Data           4  main.o(.data)
    value_readedZ                            0x1ffff048   Data           4  main.o(.data)
    flag_light                               0x1ffff04c   Data           4  main.o(.data)
    flagRead                                 0x1ffff050   Data           4  main.o(.data)
    SystemCoreClock                          0x1ffff054   Data           4  system_mkl25z4.o(.data)
    msg                                      0x1ffff058   Data         100  main.o(.bss)
    command                                  0x1ffff0bc   Data         100  main.o(.bss)
    buffer                                   0x1ffff120   Data        1200  main.o(.bss)
    __libspace_start                         0x1ffff5d0   Data          96  libspace.o(.bss)
    __temporary_stack_top$libspace           0x1ffff630   Data           0  libspace.o(.bss)



==============================================================================

Memory Map of the image

  Image Entry point : 0x00000165

  Load Region LR_1 (Base: 0x00000000, Size: 0x00001644, Max: 0xffffffff, ABSOLUTE)

    Execution Region ER_RO (Exec base: 0x00000000, Load base: 0x00000000, Size: 0x000015ec, Max: 0xffffffff, ABSOLUTE)

    Exec Addr    Load Addr    Size         Type   Attr      Idx    E Section Name        Object

    0x00000000   0x00000000   0x000000c0   Data   RO          426    RESET               startup_mkl25z4.o
    0x000000c0   0x000000c0   0x00000008   Code   RO          478  * !!!main             c_p.l(__main.o)
    0x000000c8   0x000000c8   0x0000003c   Code   RO          647    !!!scatter          c_p.l(__scatter.o)
    0x00000104   0x00000104   0x0000001a   Code   RO          649    !!handler_copy      c_p.l(__scatter_copy.o)
    0x0000011e   0x0000011e   0x00000002   PAD
    0x00000120   0x00000120   0x0000001c   Code   RO          651    !!handler_zi        c_p.l(__scatter_zi.o)
    0x0000013c   0x0000013c   0x00000002   Code   RO          516    .ARM.Collect$$libinit$$00000000  c_p.l(libinit.o)
    0x0000013e   0x0000013e   0x00000000   Code   RO          530    .ARM.Collect$$libinit$$00000002  c_p.l(libinit2.o)
    0x0000013e   0x0000013e   0x00000000   Code   RO          532    .ARM.Collect$$libinit$$00000004  c_p.l(libinit2.o)
    0x0000013e   0x0000013e   0x00000000   Code   RO          535    .ARM.Collect$$libinit$$0000000A  c_p.l(libinit2.o)
    0x0000013e   0x0000013e   0x00000000   Code   RO          537    .ARM.Collect$$libinit$$0000000C  c_p.l(libinit2.o)
    0x0000013e   0x0000013e   0x00000000   Code   RO          539    .ARM.Collect$$libinit$$0000000E  c_p.l(libinit2.o)
    0x0000013e   0x0000013e   0x00000000   Code   RO          542    .ARM.Collect$$libinit$$00000011  c_p.l(libinit2.o)
    0x0000013e   0x0000013e   0x00000000   Code   RO          544    .ARM.Collect$$libinit$$00000013  c_p.l(libinit2.o)
    0x0000013e   0x0000013e   0x00000000   Code   RO          546    .ARM.Collect$$libinit$$00000015  c_p.l(libinit2.o)
    0x0000013e   0x0000013e   0x00000000   Code   RO          548    .ARM.Collect$$libinit$$00000017  c_p.l(libinit2.o)
    0x0000013e   0x0000013e   0x00000000   Code   RO          550    .ARM.Collect$$libinit$$00000019  c_p.l(libinit2.o)
    0x0000013e   0x0000013e   0x00000000   Code   RO          552    .ARM.Collect$$libinit$$0000001B  c_p.l(libinit2.o)
    0x0000013e   0x0000013e   0x00000000   Code   RO          554    .ARM.Collect$$libinit$$0000001D  c_p.l(libinit2.o)
    0x0000013e   0x0000013e   0x00000000   Code   RO          556    .ARM.Collect$$libinit$$0000001F  c_p.l(libinit2.o)
    0x0000013e   0x0000013e   0x00000000   Code   RO          558    .ARM.Collect$$libinit$$00000021  c_p.l(libinit2.o)
    0x0000013e   0x0000013e   0x00000000   Code   RO          560    .ARM.Collect$$libinit$$00000023  c_p.l(libinit2.o)
    0x0000013e   0x0000013e   0x00000000   Code   RO          562    .ARM.Collect$$libinit$$00000025  c_p.l(libinit2.o)
    0x0000013e   0x0000013e   0x00000000   Code   RO          566    .ARM.Collect$$libinit$$0000002C  c_p.l(libinit2.o)
    0x0000013e   0x0000013e   0x00000000   Code   RO          568    .ARM.Collect$$libinit$$0000002E  c_p.l(libinit2.o)
    0x0000013e   0x0000013e   0x00000000   Code   RO          570    .ARM.Collect$$libinit$$00000030  c_p.l(libinit2.o)
    0x0000013e   0x0000013e   0x00000000   Code   RO          572    .ARM.Collect$$libinit$$00000032  c_p.l(libinit2.o)
    0x0000013e   0x0000013e   0x00000002   Code   RO          573    .ARM.Collect$$libinit$$00000033  c_p.l(libinit2.o)
    0x00000140   0x00000140   0x00000002   Code   RO          604    .ARM.Collect$$libshutdown$$00000000  c_p.l(libshutdown.o)
    0x00000142   0x00000142   0x00000000   Code   RO          630    .ARM.Collect$$libshutdown$$00000002  c_p.l(libshutdown2.o)
    0x00000142   0x00000142   0x00000000   Code   RO          632    .ARM.Collect$$libshutdown$$00000004  c_p.l(libshutdown2.o)
    0x00000142   0x00000142   0x00000000   Code   RO          635    .ARM.Collect$$libshutdown$$00000007  c_p.l(libshutdown2.o)
    0x00000142   0x00000142   0x00000000   Code   RO          638    .ARM.Collect$$libshutdown$$0000000A  c_p.l(libshutdown2.o)
    0x00000142   0x00000142   0x00000000   Code   RO          640    .ARM.Collect$$libshutdown$$0000000C  c_p.l(libshutdown2.o)
    0x00000142   0x00000142   0x00000000   Code   RO          643    .ARM.Collect$$libshutdown$$0000000F  c_p.l(libshutdown2.o)
    0x00000142   0x00000142   0x00000002   Code   RO          644    .ARM.Collect$$libshutdown$$00000010  c_p.l(libshutdown2.o)
    0x00000144   0x00000144   0x00000000   Code   RO          480    .ARM.Collect$$rtentry$$00000000  c_p.l(__rtentry.o)
    0x00000144   0x00000144   0x00000000   Code   RO          486    .ARM.Collect$$rtentry$$00000002  c_p.l(__rtentry2.o)
    0x00000144   0x00000144   0x00000006   Code   RO          498    .ARM.Collect$$rtentry$$00000004  c_p.l(__rtentry4.o)
    0x0000014a   0x0000014a   0x00000000   Code   RO          488    .ARM.Collect$$rtentry$$00000009  c_p.l(__rtentry2.o)
    0x0000014a   0x0000014a   0x00000004   Code   RO          489    .ARM.Collect$$rtentry$$0000000A  c_p.l(__rtentry2.o)
    0x0000014e   0x0000014e   0x00000000   Code   RO          491    .ARM.Collect$$rtentry$$0000000C  c_p.l(__rtentry2.o)
    0x0000014e   0x0000014e   0x00000008   Code   RO          492    .ARM.Collect$$rtentry$$0000000D  c_p.l(__rtentry2.o)
    0x00000156   0x00000156   0x00000002   Code   RO          521    .ARM.Collect$$rtexit$$00000000  c_p.l(rtexit.o)
    0x00000158   0x00000158   0x00000000   Code   RO          577    .ARM.Collect$$rtexit$$00000002  c_p.l(rtexit2.o)
    0x00000158   0x00000158   0x00000004   Code   RO          578    .ARM.Collect$$rtexit$$00000003  c_p.l(rtexit2.o)
    0x0000015c   0x0000015c   0x00000006   Code   RO          579    .ARM.Collect$$rtexit$$00000004  c_p.l(rtexit2.o)
    0x00000162   0x00000162   0x00000002   PAD
    0x00000164   0x00000164   0x00000040   Code   RO          428  * .text               startup_mkl25z4.o
    0x000001a4   0x000001a4   0x00000044   Code   RO          468    .text               c_p.l(strlen.o)
    0x000001e8   0x000001e8   0x00000018   Code   RO          470    .text               c_p.l(strcat.o)
    0x00000200   0x00000200   0x0000015a   Code   RO          472    .text               c_p.l(aeabi_sdiv.o)
    0x0000035a   0x0000035a   0x00000006   Code   RO          476    .text               c_p.l(heapauxi.o)
    0x00000360   0x00000360   0x0000003e   Code   RO          502    .text               c_p.l(sys_stackheap_outer.o)
    0x0000039e   0x0000039e   0x00000010   Code   RO          505    .text               c_p.l(exit.o)
    0x000003ae   0x000003ae   0x00000002   PAD
    0x000003b0   0x000003b0   0x00000008   Code   RO          517    .text               c_p.l(libspace.o)
    0x000003b8   0x000003b8   0x0000000c   Code   RO          574    .text               c_p.l(sys_exit.o)
    0x000003c4   0x000003c4   0x00000002   Code   RO          593    .text               c_p.l(use_no_semi.o)
    0x000003c6   0x000003c6   0x00000000   Code   RO          595    .text               c_p.l(indicate_semi.o)
    0x000003c6   0x000003c6   0x00000002   PAD
    0x000003c8   0x000003c8   0x00000024   Code   RO          375    i.LED_Off           led_frdm-kl25z.o
    0x000003ec   0x000003ec   0x0000000c   Code   RO          437    i.SystemInit        system_mkl25z4.o
    0x000003f8   0x000003f8   0x00000006   Code   RO           79    i.i2c_ReadByte      i2c.o
    0x000003fe   0x000003fe   0x00000002   PAD
    0x00000400   0x00000400   0x00000010   Code   RO          427    .ARM.__at_0x400     startup_mkl25z4.o
    0x00000410   0x00000410   0x000000a4   Code   RO          374    i.LED_Initialize    led_frdm-kl25z.o
    0x000004b4   0x000004b4   0x00000024   Code   RO          376    i.LED_On            led_frdm-kl25z.o
    0x000004d8   0x000004d8   0x00000038   Code   RO          178    i.PIT_IRQHandler    main.o
    0x00000510   0x00000510   0x00000190   Code   RO          436    i.SystemCoreClockUpdate  system_mkl25z4.o
    0x000006a0   0x000006a0   0x00000070   Code   RO          179    i.UART0_IRQHandler  main.o
    0x00000710   0x00000710   0x0000001c   Code   RO          301    i.__ARM_common_switch8  uart.o
    0x0000072c   0x0000072c   0x00000064   Code   RO            3    i.accInit           accelerometer.o
    0x00000790   0x00000790   0x00000048   Code   RO            4    i.accOnOff          accelerometer.o
    0x000007d8   0x000007d8   0x00000010   Code   RO           74    i.delay             i2c.o
    0x000007e8   0x000007e8   0x00000054   Code   RO          347    i.flash_EraseSector  flash.o
    0x0000083c   0x0000083c   0x0000007c   Code   RO          348    i.flash_writeLongWord  flash.o
    0x000008b8   0x000008b8   0x0000000a   Code   RO           75    i.i2c_DisableAck    i2c.o
    0x000008c2   0x000008c2   0x0000000a   Code   RO           76    i.i2c_EnableAck     i2c.o
    0x000008cc   0x000008cc   0x0000000a   Code   RO           77    i.i2c_EnterRxMode   i2c.o
    0x000008d6   0x000008d6   0x00000002   PAD
    0x000008d8   0x000008d8   0x00000158   Code   RO           78    i.i2c_Init          i2c.o
    0x00000a30   0x00000a30   0x000000ba   Code   RO           80    i.i2c_ReadMultRegister  i2c.o
    0x00000aea   0x00000aea   0x00000078   Code   RO           81    i.i2c_ReadRegister  i2c.o
    0x00000b62   0x00000b62   0x0000000a   Code   RO           82    i.i2c_RepeatedStart  i2c.o
    0x00000b6c   0x00000b6c   0x00000012   Code   RO           83    i.i2c_Start         i2c.o
    0x00000b7e   0x00000b7e   0x00000012   Code   RO           84    i.i2c_Stop          i2c.o
    0x00000b90   0x00000b90   0x00000024   Code   RO           85    i.i2c_Wait          i2c.o
    0x00000bb4   0x00000bb4   0x00000004   Code   RO           86    i.i2c_WriteByte     i2c.o
    0x00000bb8   0x00000bb8   0x0000004a   Code   RO           88    i.i2c_WriteRegister  i2c.o
    0x00000c02   0x00000c02   0x00000002   PAD
    0x00000c04   0x00000c04   0x000000fc   Code   RO          238    i.initUart          uart.o
    0x00000d00   0x00000d00   0x000001d8   Code   RO          180    i.main              main.o
    0x00000ed8   0x00000ed8   0x00000060   Code   RO          315    i.pit_Init          pit.o
    0x00000f38   0x00000f38   0x0000001c   Code   RO          316    i.pit_Start         pit.o
    0x00000f54   0x00000f54   0x00000004   Code   RO          181    i.powermodeSleep    main.o
    0x00000f58   0x00000f58   0x000000b4   Code   RO            5    i.readAcc           accelerometer.o
    0x0000100c   0x0000100c   0x0000020c   Code   RO          239    i.readCommand       uart.o
    0x00001218   0x00001218   0x00000064   Code   RO          240    i.returnACK         uart.o
    0x0000127c   0x0000127c   0x00000070   Code   RO          241    i.returnDumpFirst   uart.o
    0x000012ec   0x000012ec   0x00000064   Code   RO          242    i.returnDumpLast    uart.o
    0x00001350   0x00001350   0x00000064   Code   RO          243    i.returnNAK         uart.o
    0x000013b4   0x000013b4   0x000000c0   Code   RO          244    i.returnStatus      uart.o
    0x00001474   0x00001474   0x00000020   Code   RO          245    i.setValue          uart.o
    0x00001494   0x00001494   0x00000114   Code   RO          246    i.uartSendString    uart.o
    0x000015a8   0x000015a8   0x00000024   Data   RO          379    .constdata          led_frdm-kl25z.o
    0x000015cc   0x000015cc   0x00000020   Data   RO          645    Region$$Table       anon$$obj.o


    Execution Region ER_RW (Exec base: 0x1ffff000, Load base: 0x000015ec, Size: 0x00000058, Max: 0xffffffff, ABSOLUTE)

    Exec Addr    Load Addr    Size         Type   Attr      Idx    E Section Name        Object

    0x1ffff000   0x000015ec   0x00000054   Data   RW          183    .data               main.o
    0x1ffff054   0x00001640   0x00000004   Data   RW          438    .data               system_mkl25z4.o


    Execution Region ER_ZI (Exec base: 0x1ffff058, Load base: 0x00001644, Size: 0x000006d8, Max: 0xffffffff, ABSOLUTE)

    Exec Addr    Load Addr    Size         Type   Attr      Idx    E Section Name        Object

    0x1ffff058        -       0x00000578   Zero   RW          182    .bss                main.o
    0x1ffff5d0        -       0x00000060   Zero   RW          518    .bss                c_p.l(libspace.o)
    0x1ffff630        -       0x00000000   Zero   RW          425    HEAP                startup_mkl25z4.o
    0x1ffff630        -       0x00000100   Zero   RW          424    STACK               startup_mkl25z4.o


==============================================================================

Image component sizes


      Code (inc. data)   RO Data    RW Data    ZI Data      Debug   Object Name

       352         48          0          0          0     217535   accelerometer.o
       208         10          0          0          0       1410   flash.o
       862         32          0          0          0       8309   i2c.o
       236         32         36          0          0       2716   led_frdm-kl25z.o
       644         88          0         84       1400       4165   main.o
       124         22          0          0          0       1215   pit.o
        80         44        192          0        256        996   startup_mkl25z4.o
       412         42          0          4          0       1675   system_mkl25z4.o
      1716        226          0          0          0      14031   uart.o

    ----------------------------------------------------------------------
      4640        544        260         88       1656     252052   Object Totals
         0          0         32          0          0          0   (incl. Generated)
         6          0          0          0          0          0   (incl. Padding)

    ----------------------------------------------------------------------

      Code (inc. data)   RO Data    RW Data    ZI Data      Debug   Library Member Name

         8          0          0          0          0         68   __main.o
         0          0          0          0          0          0   __rtentry.o
        12          0          0          0          0          0   __rtentry2.o
         6          0          0          0          0          0   __rtentry4.o
        60          8          0          0          0          0   __scatter.o
        26          0          0          0          0          0   __scatter_copy.o
        28          0          0          0          0          0   __scatter_zi.o
       346          0          0          0          0         92   aeabi_sdiv.o
        16          0          0          0          0         68   exit.o
         6          0          0          0          0        136   heapauxi.o
         0          0          0          0          0          0   indicate_semi.o
         2          0          0          0          0          0   libinit.o
         2          0          0          0          0          0   libinit2.o
         2          0          0          0          0          0   libshutdown.o
         2          0          0          0          0          0   libshutdown2.o
         8          4          0          0         96         68   libspace.o
         2          0          0          0          0          0   rtexit.o
        10          0          0          0          0          0   rtexit2.o
        24          0          0          0          0         60   strcat.o
        68          6          0          0          0         72   strlen.o
        12          4          0          0          0         60   sys_exit.o
        62          0          0          0          0         80   sys_stackheap_outer.o
         2          0          0          0          0         68   use_no_semi.o

    ----------------------------------------------------------------------
       712         22          0          0         96        772   Library Totals
         8          0          0          0          0          0   (incl. Padding)

    ----------------------------------------------------------------------

      Code (inc. data)   RO Data    RW Data    ZI Data      Debug   Library Name

       704         22          0          0         96        772   c_p.l

    ----------------------------------------------------------------------
       712         22          0          0         96        772   Library Totals

    ----------------------------------------------------------------------

==============================================================================


      Code (inc. data)   RO Data    RW Data    ZI Data      Debug   

      5352        566        260         88       1752     250964   Grand Totals
      5352        566        260         88       1752     250964   ELF Image Totals
      5352        566        260         88          0          0   ROM Totals

==============================================================================

    Total RO  Size (Code + RO Data)                 5612 (   5.48kB)
    Total RW  Size (RW Data + ZI Data)              1840 (   1.80kB)
    Total ROM Size (Code + RO Data + RW Data)       5700 (   5.57kB)

==============================================================================

